// Jest Snapshot v1, https://goo.gl/fbAQLP

exports[`saving bookmarks writeBookmarks should write bookmark files 1`] = `"<div>hello world</div>"`;

exports[`saving bookmarks writeBookmarks should write bookmark files 2`] = `"_hello world_"`;
